SQL> 
SQL> --ZIXIN HAO 30758017
SQL> 
SQL> 
SQL> DROP TABLE UNIT CASCADE CONSTRAINTS PURGE;

Table UNIT dropped.

SQL> DROP TABLE STUDENT CASCADE CONSTRAINTS PURGE;

Table STUDENT dropped.

SQL> DROP TABLE ENROLMENT CASCADE CONSTRAINTS PURGE;

Table ENROLMENT dropped.

SQL> 
SQL> CREATE TABLE UNIT
  2  (
  3  unit_code char(7) NOT NULL,
  4  unit_name varchar(50) NOT NULL,
  5  CONSTRAINT unit_pk primary key(unit_code)
  6  );

Table UNIT created.

SQL> 
SQL> CREATE TABLE STUDENT
  2  (
  3  stu_nbr numeric(8) NOT NULL,
  4  stu_lname varchar(50) NOT NULL,
  5  stu_fname varchar(50) NOT NULL,
  6  stu_dob DATE NOT NULL);

Table STUDENT created.

SQL> 
SQL> ALTER TABLE STUDENT
  2  ADD CONSTRAINT student_pk PRIMARY KEY(stu_nbr);

Table STUDENT altered.

SQL> 
SQL> CREATE TABLE ENROLMENT
  2  (
  3  stu_nbr numeric(8) NOT NULL,
  4  unit_code char(7) NOT NULL,
  5  enrol_year numeric(4) NOT NULL,
  6  enrol_semester char(1) NOT NULL,
  7  enrol_mark numeric(4),
  8  enrol_grade char(2)
  9  );

Table ENROLMENT created.

SQL> 
SQL> ALTER TABLE ENROLMENT
  2  ADD CONSTRAINT ENROLMENT_PK PRIMARY KEY(stu_ubr,unit_code,enrol_year,enrol_semester);

Error starting at line : 38 in command -
ALTER TABLE ENROLMENT
ADD CONSTRAINT ENROLMENT_PK PRIMARY KEY(stu_ubr,unit_code,enrol_year,enrol_semester)
Error report -
ORA-00904: "STU_UBR": invalid identifier
00904. 00000 -  "%s: invalid identifier"
*Cause:    
*Action:
SQL> 
SQL> ALTER TABLE ENROLMENT
  2  ADD CONSTRAINT fk_enrolment_unit FOREIGN KEY(unit_code)
  3  REFERENCES UNIT(unit_code);

Table ENROLMENT altered.

SQL> 
SQL> ALTER TABLE ENROLMENT
  2  ADD CONSTRAINT fk_enrolment_unit FOREIGN KEY(stu_nbr)
  3  REFERENCES UNIT(stu_nbr);

Error starting at line : 45 in command -
ALTER TABLE ENROLMENT
ADD CONSTRAINT fk_enrolment_unit FOREIGN KEY(stu_nbr)
REFERENCES UNIT(stu_nbr)
Error report -
ORA-00904: "STU_NBR": invalid identifier
00904. 00000 -  "%s: invalid identifier"
*Cause:    
*Action:
SQL> 
SQL> ALTER TABLE STUDENT
  2  ADD CONSTRAINT check_Stu_nbr CHECK(stu_nbr>10000000);

Table STUDENT altered.

SQL> 
SQL> ALTER TABLE ENROLMENT
  2  ADD CONSTRAINT check_enrol_semester CHECK(enrol_semester IN (1,2,3));

Table ENROLMENT altered.

SQL> 
SQL> ALTER TABLE UNIT
  2  ADD CONSTRAINT unq_unit_name UNIQUE(unit_name);

Table UNIT altered.

SQL> 
SQL> set echo off
